\o Program:		@(#)$CDS: libManager version 6.1.8 - CAT37 03/31/2021 15:41 (sjfdcl1031) $
\o Sub version:		sub-version  s184 
\o Arguments:		-unmapped -mpssession virtuoso12040 -mpshost cad5 
\o Working Directory:	cad5:/home/student/Prejith
\o 64-bit offsets
\o Qt version: 		5.9.1
\o changeWorkingDir("/home/student/Prejith") unnecessary.
\o ddSetForcedLib("") unnecessary.
\o Log file is "/home/student/Prejith/libManager.log".
\o Opening libManager window.
\a nrSetWindowVisibility(cdsLibManager "show")
\o MPS service: map window
\o Library Manager customization server connected.
\a nrSetCurrentWindow(cdsLibManager)
\w Warning: The directory: '/home/student/prejith' does not exist
\w 	but was defined in libFile '/home/student/cds.lib' for Lib 'prejith'.
\a nrResizeWindow(cdsLibManager list(0 28 1440 723))
\a cdsLibManager->libListBox->value = "Prejith"
\a cdsLibManager->libLineEdit->value = "Prejith"
\a cdsLibManager->cellListBox->value = "NOR"
\a cdsLibManager->cellLineEdit->value = "NOR"
\a cdsLibManager->viewListBox->value = "layout"
\a cdsLibManager->viewLineEdit->value = "layout"
\o MPS request: edit design
\a cdsLibManager->libListBox->value = nil
\a cdsLibManager->libLineEdit->value = ""
\a cdsLibManager->cellListBox->value = nil
\a cdsLibManager->viewLineEdit->value = ""
\a cdsLibManager->viewListBox->value = nil
\a cdsLibManager->cellLineEdit->value = ""
\w Warning: The directory: '/home/student/prejith' does not exist
\w 	but was defined in libFile '/home/student/cds.lib' for Lib 'prejith'.
\a cdsLibManager->libListBox->value = "Prejith"
\a cdsLibManager->libLineEdit->value = "Prejith"
\a cdsLibManager->cellListBox->value = "NOR"
\a cdsLibManager->cellLineEdit->value = "NOR"
\a cdsLibManager->viewListBox->value = "layout"
\a cdsLibManager->viewLineEdit->value = "layout"
\a cdsLibManager->viewLineEdit->value = ""
\a cdsLibManager->viewListBox->value = nil
\a cdsLibManager->viewListBox->value = "layout"
\a cdsLibManager->viewLineEdit->value = "layout"
\a nrSetCurrentWindow(cdsLibManager)
\a nrSetWindowVisibility(cdsLibManager "hide")
\a _lmgrCloseIconify("cdsLibManager" 1)
\a nrSetWindowVisibility(cdsLibManager "show")
\a nrSetCurrentWindow(cdsLibManager)
\a nrSetCurrentWindow(cdsLibManager)
\a nrSetWindowVisibility(cdsLibManager "hide")
\a _lmgrCloseIconify("cdsLibManager" 1)
\a nrSetWindowVisibility(cdsLibManager "show")
\a nrSetCurrentWindow(cdsLibManager)
