================================================================================
Rule No. 228 : nwell_conn_StampErrorMult

Real Error Count : 1; Flat Error Count : 1
================================================================================

--------------------------------------------------------------------------------
Cell Name : Op_Amp layout Prejith

                   Cell Errors    Real Errors   Cell Placements     Environments
                             1              1                 1                1
--------------------------------------------------------------------------------
Env.  Env. Placements            X1           Y1          X2           Y2

  1        1                  0.000        3.440       9.370        7.060

Shape               Environments Status & Error Marker 

          1           X1         Y1         X2         Y2

   1      X        0.000      3.440      9.370      7.060

================================================================================
Rule No. 229 : nwell_conn_StampErrorConnect

Real Error Count : 1; Flat Error Count : 1
================================================================================

--------------------------------------------------------------------------------
Cell Name : Op_Amp layout Prejith

                   Cell Errors    Real Errors   Cell Placements     Environments
                             1              1                 1                1
--------------------------------------------------------------------------------
Env.  Env. Placements            X1           Y1          X2           Y2

  1        1                  4.675        3.500       9.310        7.000

Shape               Environments Status & Error Marker 

          1           X1         Y1         X2         Y2

   1      X        4.675      3.500      9.310      7.000

================================================================================
Rule No. 347 : POLY.SP.4: Minimum gate space in thick active >= 0.20 um

Real Error Count : 42; Flat Error Count : 42
================================================================================

--------------------------------------------------------------------------------
Cell Name : Op_Amp layout Prejith

                   Cell Errors    Real Errors   Cell Placements     Environments
                            42             42                 1                1
--------------------------------------------------------------------------------
Env.  Env. Placements            X1           Y1          X2           Y2

  1        1                  1.385        0.630       7.915        6.255

Shape               Environments Status & Error Marker 

          1           X1         Y1         X2         Y2

   1      X        1.385      0.655      1.565      0.975
   2      X        1.385      1.175      1.565      1.495
   3      X        1.385      1.855      1.565      2.175
   4      X        1.385      2.375      1.565      2.695
   5      X        1.695      4.215      1.875      4.535
   6      X        1.695      4.735      1.875      5.055
   7      X        1.695      5.415      1.875      5.735
   8      X        1.695      5.935      1.875      6.255
   9      X        2.065      0.655      2.245      0.975
  10      X        2.065      1.175      2.245      1.495
  11      X        2.065      1.855      2.245      2.175
  12      X        2.065      2.375      2.245      2.695
  13      X        2.375      4.215      2.555      4.535
  14      X        2.375      4.735      2.555      5.055
  15      X        2.375      5.415      2.555      5.735
  16      X        2.375      5.935      2.555      6.255
  17      X        2.745      0.655      2.925      0.975
  18      X        2.745      1.175      2.925      1.495
  19      X        2.745      1.855      2.925      2.175
  20      X        2.745      2.375      2.925      2.695
  21      X        3.055      4.215      3.235      4.535
  22      X        3.055      4.735      3.235      5.055
  23      X        3.055      5.415      3.235      5.735
  24      X        3.055      5.935      3.235      6.255
  25      X        5.985      0.630      6.165      0.950
  26      X        5.985      1.150      6.165      1.470
  27      X        5.985      1.830      6.165      2.150
  28      X        5.985      2.350      6.165      2.670
  29      X        6.375      4.295      6.555      4.615
  30      X        6.375      5.580      6.555      5.900
  31      X        6.665      0.630      6.845      0.950
  32      X        6.665      1.150      6.845      1.470
  33      X        6.665      1.830      6.845      2.150
  34      X        6.665      2.350      6.845      2.670
  35      X        7.055      4.295      7.235      4.615
  36      X        7.055      5.580      7.235      5.900
  37      X        7.345      0.630      7.525      0.950
  38      X        7.345      1.150      7.525      1.470
  39      X        7.345      1.830      7.525      2.150
  40      X        7.345      2.350      7.525      2.670
  41      X        7.735      4.295      7.915      4.615
  42      X        7.735      5.580      7.915      5.900

